// Jest Snapshot v1, https://goo.gl/fbAQLP

exports[`FeedbackFilters.vue IntegraÃ§Ã£o/Componente ğŸ‘€ RenderizaÃ§Ã£o: Dado o componente Quando renderizado EntÃ£o deve possuir html equivalente ao Snapshot gravado 1`] = `""`;
