// Jest Snapshot v1, https://goo.gl/fbAQLP

exports[`GeralHeader IntegraÃ§Ã£o/Componente ðŸ‘€ RenderizaÃ§Ã£o: Dado o componente Quando renderizado EntÃ£o deve possuir html equivalente ao Snapshot gravado 1`] = `
"<div class=\\"bg-brand-main w-full justify-center flex\\">
  <header class=\\"geral-header justify-between items-center flex\\">
    <h1 class=\\"geral-header__logo font-black\\"><a href=\\"#\\">ShowMeTheProblem</a></h1>
    <nav class=\\"geral-header__navigation\\"><button id=\\"button-create\\" class=\\"geral-header__link font-bold\\" data-create=\\"\\"> Crie uma conta </button><button class=\\"base-button rounded-full font-bold text-xl transition-all duration-150 base-button_light\\" type=\\"button\\" data-button=\\"base\\" id=\\"button-login\\" data-login=\\"\\">
        <!-- @slot Texto de conteÃºdo do botÃ£o --> Entrar
      </button></nav>
  </header>
  <div data-modal=\\"create\\" type-modal=\\"create\\" open=\\"false\\">Modal de login e registro</div>
  <div data-modal=\\"login\\" type-modal=\\"login\\" open=\\"false\\">Modal de login e registro</div>
</div>"
`;
